------------------------------------------------------------
Timing Analyzer Summary
------------------------------------------------------------

Type  : Slow 1200mV 85C Model Setup 'clk'
Slack : -3.329
TNS   : -45.260

Type  : Slow 1200mV 85C Model Hold 'clk'
Slack : 0.356
TNS   : 0.000

Type  : Slow 1200mV 85C Model Recovery 'clk'
Slack : -0.878
TNS   : -11.359

Type  : Slow 1200mV 85C Model Removal 'clk'
Slack : 0.817
TNS   : 0.000

Type  : Slow 1200mV 85C Model Minimum Pulse Width 'clk'
Slack : -3.000
TNS   : -65.522

Type  : Slow 1200mV 0C Model Setup 'clk'
Slack : -2.900
TNS   : -35.959

Type  : Slow 1200mV 0C Model Hold 'clk'
Slack : 0.310
TNS   : 0.000

Type  : Slow 1200mV 0C Model Recovery 'clk'
Slack : -0.679
TNS   : -8.437

Type  : Slow 1200mV 0C Model Removal 'clk'
Slack : 0.724
TNS   : 0.000

Type  : Slow 1200mV 0C Model Minimum Pulse Width 'clk'
Slack : -3.000
TNS   : -65.522

Type  : Fast 1200mV 0C Model Setup 'clk'
Slack : -1.252
TNS   : -9.944

Type  : Fast 1200mV 0C Model Hold 'clk'
Slack : 0.187
TNS   : 0.000

Type  : Fast 1200mV 0C Model Recovery 'clk'
Slack : -0.059
TNS   : -0.427

Type  : Fast 1200mV 0C Model Removal 'clk'
Slack : 0.450
TNS   : 0.000

Type  : Fast 1200mV 0C Model Minimum Pulse Width 'clk'
Slack : -3.000
TNS   : -66.292

------------------------------------------------------------
